
--- Testing From .env ---
URL: http://evo-sgwcco4kw80sckwg4c08sgk4.72.62.50.238.sslip.io
Key: xAcfP...
node : Γ¥î Connection Failed!
At line:1 char:1
+ node test-evo.js > test_output.txt 2>&1
+ ~~~~~~~~~~~~~~~~~~~~~~~~~~~~~~~~~~~~~~~
    + CategoryInfo          : NotSpecified: (Γ¥î Connection Failed!:String) [], RemoteException
    + FullyQualifiedErrorId : NativeCommandError
 
Status: 401
Data: {
  "status": 401,
  "error": "Unauthorized",
  "response": {
    "message": "Unauthorized"
  }
}

--- Testing From evolution-api file ---
URL: http://evo-lo0w8co8sg4gos4s0wgk4ow8.72.62.50.238.sslip.io
Key: xAcfP...
Γ¥î Connection Failed!
Status: 404
Data: "404 page not found\n"

--- Testing From evolution-api-p0gg0ssgg84s44ggg8wwok88 file ---
URL: http://evo-p0gg0ssgg84s44ggg8wwok88.72.62.50.238.sslip.io
Key: 4fTUx...
Γ¥î Connection Failed!
Status: 404
Data: "404 page not found\n"
